[round1] jobs 731 / 残り 649
  20/649 URL:https://www.coaching01.com/type/ldadhdas.html      64 
  40/649 URL:https://forest-coach.jp/                          587 
  60/649 URL:https://www.with-ac.com/column/adhd-child-stud     67 
  80/649 URL:https://k-good.net/devdis/gray-zone-learning/      30 
  100/649 URL:https://jukushiru.com/article/post-34493/         134 
  120/649 URL:https://kizuki.or.jp/blog/dd/dd-dont-homework/    196 
  140/649 URL:https://tos-kc1.com/course/                        29 
  160/649 URL:https://shuuyale.net/                              64 
  180/649 URL:https://kizuki.or.jp/blog/dd/dd-study-hate/       222 
  200/649 URL:https://medical-b.jp/a01-01-021/post021-02/        21 
  220/649 URL:https://bestjuku.com/shingaku/s-article/33372/    113 
  240/649 URL:https://www.kyoushi1.net/junior/index.html        321 
  260/649 URL:https://k-runner.co.jp/course/elementary           69 
  280/649 URL:https://agao.jp                                   160 
  300/649 URL:https://hachiojisakura.com/h-exam-course/         106 
  320/649 URL:https://www.dinf.ne.jp/doc/japanese/world/2015      1 
  340/649 URL:https://kidsinfost.net/schoolchildren/             12 
  360/649 URL:https://highschool.kohgakusha.com/faq/             80 
  380/649 URL:https://www.kame.co.jp/course/high/high.html      286 
  400/649 URL:https://www.emina-base.com/shotokuclub/faq         11 
  420/649 URL:https://www.treasure-max.fun/feed/                  0 
  440/649 URL:https://www.qqeng.com/lp/qqjunior/                640 
