listening 127.0.0.1:8765
saved round1/001 q=発達障害 オンライン家庭教師
saved round1/002 q=発達障害 家庭教師
saved round1/003 q=グレーゾーン 家庭教師
saved round1/004 q=ADHD 家庭教師
saved round1/005 q=ASD 家庭教師
saved round1/006 q=学習障害 塾
saved round1/007 q=発達障害 塾
saved round1/008 q=発達障害 個別指導
saved round1/009 q=発達障害 中学生 勉強方法
saved round1/010 q=発達障害 小学生 勉強
saved round1/011 q=ADHD 勉強 集中できない
saved round1/012 q=ASD 勉強方法
saved round1/013 q=LD 読み書き 支援
saved round1/014 q=ディスレクシア 学習支援
saved round1/015 q=境界知能 勉強
saved round1/016 q=グレーゾーン 高校受験
saved round1/017 q=発達障害 高校受験
saved round1/018 q=発達障害 大学受験
saved round1/019 q=発達障害 不登校 勉強
saved round1/020 q=不登校 オンライン家庭教師
saved round1/021 q=発達障害 宿題 やらない
saved round1/022 q=発達障害 テスト 点数 取れない
saved round1/023 q=発達障害 塾 断られた
saved round1/024 q=発達障害 塾 合わない
saved round1/025 q=発達障害 家庭教師 料金
saved round1/026 q=発達障害 家庭教師 おすすめ
saved round1/027 q=発達障害 家庭教師 口コミ
saved round1/028 q=発達障害 家庭教師 無料体験
saved round1/029 q=放課後等デイサービス 学習支援
saved round1/030 q=発達障害 学習支援 サービス
saved round1/031 q=療育 勉強 中学生
saved round1/032 q=発達障害 子供 勉強 教え方 親
saved round1/033 q=発達障害 勉強しない 中学生
saved round1/034 q=通級 勉強 ついていけない
saved round1/035 q=特別支援学級 中学 進路
saved round1/036 q=発達障害 算数 苦手
saved round1/037 q=発達障害 英語 苦手
saved round1/038 q=発達障害 国語 読解
saved round1/039 q=発達障害 定期テスト 対策
saved round1/040 q=グレーゾーン 中学生 勉強
saved round2/001 q=ASD オンライン家庭教師
saved round2/002 q=LD オンライン家庭教師
saved round2/003 q=境界知能 オンライン家庭教師
saved round2/004 q=境界知能 家庭教師
saved round2/005 q=ADHD 塾
saved round2/006 q=グレーゾーン 塾 小学生
saved round2/007 q=ASD 塾 中学生
saved round2/008 q=発達障害 オンライン塾 高校生
saved round2/009 q=発達障害 家庭教師 合わない
saved round2/010 q=ADHD 宿題 集中できない 小学生
saved round2/011 q=グレーゾーン 授業 ついていけない
saved round2/012 q=境界知能 小学生 勉強 ついていけない
saved round2/013 q=ASD 宿題 しない
saved round2/014 q=発達障害 診断 されたら 勉強
saved round2/015 q=グレーゾーン 診断 学習
saved round2/016 q=発達障害 入学前 準備 勉強
saved round2/017 q=支援級から通常級 勉強
saved round2/018 q=支援学級 高校受験 できる
saved round2/019 q=情緒学級 勉強 遅れ
saved round2/020 q=発達障害 中高一貫 ついていけない
saved round2/021 q=発達障害 私立中学 退学
saved round2/022 q=WISC 結果 勉強方法
saved round2/023 q=WISC 処理速度 低い 勉強
saved round2/024 q=発達障害 学び直し 中学生
saved round2/025 q=不登校 勉強の遅れ 取り戻す
saved round3/001 q=トライ 発達障害
saved round3/002 q=メガスタ 口コミ
saved round3/003 q=マナリンク 評判
saved round3/004 q=まなぶてらす 発達障害
saved round3/005 q=家庭教師のあすなろ 発達障害
saved round3/006 q=ノーバス 口コミ
saved round3/007 q=家庭教師ファースト 料金
saved round3/008 q=キズキ共育塾 評判
saved round3/009 q=リタリコジュニア 料金
saved round3/010 q=すらら 発達障害 口コミ
saved round3/011 q=GIPS 家庭教師 口コミ
saved round3/012 q=家庭教師のジャンプ 評判
